// Jest Snapshot v1, https://goo.gl/fbAQLP

exports[`Markers should render correctly 1`] = `
Object {
  "current": <custom>
    <circle
      class="marker"
      cx="50"
      cy="50"
      r="5"
      style="stroke: blue; fill: red;"
    />
  </custom>,
}
`;

exports[`Markers should skip if there is no layer avaliable 1`] = `
Object {
  "current": null,
}
`;
