// Jest Snapshot v1, https://goo.gl/fbAQLP

exports[`renders learn react link 1`] = `
<DocumentFragment>
  <div
    class="App"
  >
    <header
      class="App-header"
    >
      <svg
        class="chart-svg"
        height="500"
        style="background-color: rgb(255, 255, 255);"
        width="500"
      >
        <g
          class="g-event-receiver"
        >
          <rect
            class="chart-it event-receiver"
            height="440"
            style="fill: none; pointer-events: all;"
            transform="translate(30, 30)"
            width="440"
          />
        </g>
        <defs>
          <clippath
            id="clip-path-test-chart"
          >
            <rect
              height="440"
              width="440"
              x="30"
              y="30"
            />
          </clippath>
        </defs>
        <g
          class="g-axis"
        >
          <g
            transform="translate(30, 0)"
          >
            <g
              class="g-gridlines left"
              fill="none"
              font-family="sans-serif"
              font-size="10"
              style="color: rgb(211, 211, 211); stroke-opacity: 0.8; stroke-width: 1; pointer-events: none;"
              text-anchor="end"
            >
              <g
                class="tick"
                opacity="1"
                transform="translate(0,470.5)"
              >
                <line
                  stroke="currentColor"
                  x2="440"
                />
                <text
                  dy="0.32em"
                  fill="currentColor"
                  x="-3"
                />
              </g>
              <g
                class="tick"
                opacity="1"
                transform="translate(0,426.5)"
              >
                <line
                  stroke="currentColor"
                  x2="440"
                />
                <text
                  dy="0.32em"
                  fill="currentColor"
                  x="-3"
                />
              </g>
              <g
                class="tick"
                opacity="1"
                transform="translate(0,382.5)"
              >
                <line
                  stroke="currentColor"
                  x2="440"
                />
                <text
                  dy="0.32em"
                  fill="currentColor"
                  x="-3"
                />
              </g>
              <g
                class="tick"
                opacity="1"
                transform="translate(0,338.5)"
              >
                <line
                  stroke="currentColor"
                  x2="440"
                />
                <text
                  dy="0.32em"
                  fill="currentColor"
                  x="-3"
                />
              </g>
              <g
                class="tick"
                opacity="1"
                transform="translate(0,294.5)"
              >
                <line
                  stroke="currentColor"
                  x2="440"
                />
                <text
                  dy="0.32em"
                  fill="currentColor"
                  x="-3"
                />
              </g>
              <g
                class="tick"
                opacity="1"
                transform="translate(0,250.5)"
              >
                <line
                  stroke="currentColor"
                  x2="440"
                />
                <text
                  dy="0.32em"
                  fill="currentColor"
                  x="-3"
                />
              </g>
              <g
                class="tick"
                opacity="1"
                transform="translate(0,206.5)"
              >
                <line
                  stroke="currentColor"
                  x2="440"
                />
                <text
                  dy="0.32em"
                  fill="currentColor"
                  x="-3"
                />
              </g>
              <g
                class="tick"
                opacity="1"
                transform="translate(0,162.50000000000003)"
              >
                <line
                  stroke="currentColor"
                  x2="440"
                />
                <text
                  dy="0.32em"
                  fill="currentColor"
                  x="-3"
                />
              </g>
              <g
                class="tick"
                opacity="1"
                transform="translate(0,118.49999999999999)"
              >
                <line
                  stroke="currentColor"
                  x2="440"
                />
                <text
                  dy="0.32em"
                  fill="currentColor"
                  x="-3"
                />
              </g>
              <g
                class="tick"
                opacity="1"
                transform="translate(0,74.5)"
              >
                <line
                  stroke="currentColor"
                  x2="440"
                />
                <text
                  dy="0.32em"
                  fill="currentColor"
                  x="-3"
                />
              </g>
              <g
                class="tick"
                opacity="1"
                transform="translate(0,30.5)"
              >
                <line
                  stroke="currentColor"
                  x2="440"
                />
                <text
                  dy="0.32em"
                  fill="currentColor"
                  x="-3"
                />
              </g>
            </g>
            <g
              class="chart-it axis axis-left"
              fill="none"
              font-family="sans-serif"
              font-size="10"
              style="user-select: none; color: rgb(51, 51, 51); stroke-opacity: 0.8; stroke-width: 1;"
              text-anchor="end"
            >
              <path
                class="domain"
                d="M-6,470.5H0.5V30.5H-6"
                stroke="currentColor"
              />
              <g
                class="tick"
                opacity="1"
                transform="translate(0,470.5)"
              >
                <line
                  stroke="currentColor"
                  x2="-6"
                />
                <text
                  dy="0.32em"
                  fill="currentColor"
                  x="-9"
                >
                  0
                </text>
              </g>
              <g
                class="tick"
                opacity="1"
                transform="translate(0,426.5)"
              >
                <line
                  stroke="currentColor"
                  x2="-6"
                />
                <text
                  dy="0.32em"
                  fill="currentColor"
                  x="-9"
                >
                  1
                </text>
              </g>
              <g
                class="tick"
                opacity="1"
                transform="translate(0,382.5)"
              >
                <line
                  stroke="currentColor"
                  x2="-6"
                />
                <text
                  dy="0.32em"
                  fill="currentColor"
                  x="-9"
                >
                  2
                </text>
              </g>
              <g
                class="tick"
                opacity="1"
                transform="translate(0,338.5)"
              >
                <line
                  stroke="currentColor"
                  x2="-6"
                />
                <text
                  dy="0.32em"
                  fill="currentColor"
                  x="-9"
                >
                  3
                </text>
              </g>
              <g
                class="tick"
                opacity="1"
                transform="translate(0,294.5)"
              >
                <line
                  stroke="currentColor"
                  x2="-6"
                />
                <text
                  dy="0.32em"
                  fill="currentColor"
                  x="-9"
                >
                  4
                </text>
              </g>
              <g
                class="tick"
                opacity="1"
                transform="translate(0,250.5)"
              >
                <line
                  stroke="currentColor"
                  x2="-6"
                />
                <text
                  dy="0.32em"
                  fill="currentColor"
                  x="-9"
                >
                  5
                </text>
              </g>
              <g
                class="tick"
                opacity="1"
                transform="translate(0,206.5)"
              >
                <line
                  stroke="currentColor"
                  x2="-6"
                />
                <text
                  dy="0.32em"
                  fill="currentColor"
                  x="-9"
                >
                  6
                </text>
              </g>
              <g
                class="tick"
                opacity="1"
                transform="translate(0,162.50000000000003)"
              >
                <line
                  stroke="currentColor"
                  x2="-6"
                />
                <text
                  dy="0.32em"
                  fill="currentColor"
                  x="-9"
                >
                  7
                </text>
              </g>
              <g
                class="tick"
                opacity="1"
                transform="translate(0,118.49999999999999)"
              >
                <line
                  stroke="currentColor"
                  x2="-6"
                />
                <text
                  dy="0.32em"
                  fill="currentColor"
                  x="-9"
                >
                  8
                </text>
              </g>
              <g
                class="tick"
                opacity="1"
                transform="translate(0,74.5)"
              >
                <line
                  stroke="currentColor"
                  x2="-6"
                />
                <text
                  dy="0.32em"
                  fill="currentColor"
                  x="-9"
                >
                  9
                </text>
              </g>
              <g
                class="tick"
                opacity="1"
                transform="translate(0,30.5)"
              >
                <line
                  stroke="currentColor"
                  x2="-6"
                />
                <text
                  dy="0.32em"
                  fill="currentColor"
                  x="-9"
                >
                  10
                </text>
              </g>
            </g>
          </g>
        </g>
        <g
          class="g-axis"
        >
          <g
            transform="translate(0, 470)"
          >
            <g
              class="g-gridlines bottom"
              fill="none"
              font-family="sans-serif"
              font-size="10"
              style="color: rgb(211, 211, 211); stroke-opacity: 0.8; stroke-width: 1; pointer-events: none;"
              text-anchor="middle"
            >
              <g
                class="tick"
                opacity="1"
                transform="translate(30.5,0)"
              >
                <line
                  stroke="currentColor"
                  y2="-440"
                />
                <text
                  dy="0.71em"
                  fill="currentColor"
                  y="3"
                />
              </g>
              <g
                class="tick"
                opacity="1"
                transform="translate(74.5,0)"
              >
                <line
                  stroke="currentColor"
                  y2="-440"
                />
                <text
                  dy="0.71em"
                  fill="currentColor"
                  y="3"
                />
              </g>
              <g
                class="tick"
                opacity="1"
                transform="translate(118.5,0)"
              >
                <line
                  stroke="currentColor"
                  y2="-440"
                />
                <text
                  dy="0.71em"
                  fill="currentColor"
                  y="3"
                />
              </g>
              <g
                class="tick"
                opacity="1"
                transform="translate(162.5,0)"
              >
                <line
                  stroke="currentColor"
                  y2="-440"
                />
                <text
                  dy="0.71em"
                  fill="currentColor"
                  y="3"
                />
              </g>
              <g
                class="tick"
                opacity="1"
                transform="translate(206.5,0)"
              >
                <line
                  stroke="currentColor"
                  y2="-440"
                />
                <text
                  dy="0.71em"
                  fill="currentColor"
                  y="3"
                />
              </g>
              <g
                class="tick"
                opacity="1"
                transform="translate(250.5,0)"
              >
                <line
                  stroke="currentColor"
                  y2="-440"
                />
                <text
                  dy="0.71em"
                  fill="currentColor"
                  y="3"
                />
              </g>
              <g
                class="tick"
                opacity="1"
                transform="translate(294.5,0)"
              >
                <line
                  stroke="currentColor"
                  y2="-440"
                />
                <text
                  dy="0.71em"
                  fill="currentColor"
                  y="3"
                />
              </g>
              <g
                class="tick"
                opacity="1"
                transform="translate(338.5,0)"
              >
                <line
                  stroke="currentColor"
                  y2="-440"
                />
                <text
                  dy="0.71em"
                  fill="currentColor"
                  y="3"
                />
              </g>
              <g
                class="tick"
                opacity="1"
                transform="translate(382.5,0)"
              >
                <line
                  stroke="currentColor"
                  y2="-440"
                />
                <text
                  dy="0.71em"
                  fill="currentColor"
                  y="3"
                />
              </g>
              <g
                class="tick"
                opacity="1"
                transform="translate(426.5,0)"
              >
                <line
                  stroke="currentColor"
                  y2="-440"
                />
                <text
                  dy="0.71em"
                  fill="currentColor"
                  y="3"
                />
              </g>
              <g
                class="tick"
                opacity="1"
                transform="translate(470.5,0)"
              >
                <line
                  stroke="currentColor"
                  y2="-440"
                />
                <text
                  dy="0.71em"
                  fill="currentColor"
                  y="3"
                />
              </g>
            </g>
            <g
              class="chart-it axis axis-bottom"
              fill="none"
              font-family="sans-serif"
              font-size="10"
              style="user-select: none; color: rgb(51, 51, 51); stroke-opacity: 0.8; stroke-width: 1;"
              text-anchor="middle"
            >
              <path
                class="domain"
                d="M30.5,6V0.5H470.5V6"
                stroke="currentColor"
              />
              <g
                class="tick"
                opacity="1"
                transform="translate(30.5,0)"
              >
                <line
                  stroke="currentColor"
                  y2="6"
                />
                <text
                  dy="0.71em"
                  fill="currentColor"
                  y="9"
                >
                  0
                </text>
              </g>
              <g
                class="tick"
                opacity="1"
                transform="translate(74.5,0)"
              >
                <line
                  stroke="currentColor"
                  y2="6"
                />
                <text
                  dy="0.71em"
                  fill="currentColor"
                  y="9"
                >
                  1
                </text>
              </g>
              <g
                class="tick"
                opacity="1"
                transform="translate(118.5,0)"
              >
                <line
                  stroke="currentColor"
                  y2="6"
                />
                <text
                  dy="0.71em"
                  fill="currentColor"
                  y="9"
                >
                  2
                </text>
              </g>
              <g
                class="tick"
                opacity="1"
                transform="translate(162.5,0)"
              >
                <line
                  stroke="currentColor"
                  y2="6"
                />
                <text
                  dy="0.71em"
                  fill="currentColor"
                  y="9"
                >
                  3
                </text>
              </g>
              <g
                class="tick"
                opacity="1"
                transform="translate(206.5,0)"
              >
                <line
                  stroke="currentColor"
                  y2="6"
                />
                <text
                  dy="0.71em"
                  fill="currentColor"
                  y="9"
                >
                  4
                </text>
              </g>
              <g
                class="tick"
                opacity="1"
                transform="translate(250.5,0)"
              >
                <line
                  stroke="currentColor"
                  y2="6"
                />
                <text
                  dy="0.71em"
                  fill="currentColor"
                  y="9"
                >
                  5
                </text>
              </g>
              <g
                class="tick"
                opacity="1"
                transform="translate(294.5,0)"
              >
                <line
                  stroke="currentColor"
                  y2="6"
                />
                <text
                  dy="0.71em"
                  fill="currentColor"
                  y="9"
                >
                  6
                </text>
              </g>
              <g
                class="tick"
                opacity="1"
                transform="translate(338.5,0)"
              >
                <line
                  stroke="currentColor"
                  y2="6"
                />
                <text
                  dy="0.71em"
                  fill="currentColor"
                  y="9"
                >
                  7
                </text>
              </g>
              <g
                class="tick"
                opacity="1"
                transform="translate(382.5,0)"
              >
                <line
                  stroke="currentColor"
                  y2="6"
                />
                <text
                  dy="0.71em"
                  fill="currentColor"
                  y="9"
                >
                  8
                </text>
              </g>
              <g
                class="tick"
                opacity="1"
                transform="translate(426.5,0)"
              >
                <line
                  stroke="currentColor"
                  y2="6"
                />
                <text
                  dy="0.71em"
                  fill="currentColor"
                  y="9"
                >
                  9
                </text>
              </g>
              <g
                class="tick"
                opacity="1"
                transform="translate(470.5,0)"
              >
                <line
                  stroke="currentColor"
                  y2="6"
                />
                <text
                  dy="0.71em"
                  fill="currentColor"
                  y="9"
                >
                  10
                </text>
              </g>
            </g>
          </g>
        </g>
        <g
          class="g-plot scatter"
          clip-path="url(#clip-path-test-chart)"
        >
          <circle
            class="scatter-point"
            cx="250"
            cy="250"
            r="5"
            style="stroke: rgb(107, 135, 154); fill: rgba(153, 193, 220, 0.7); opacity: 0.7;"
          />
          <circle
            class="scatter-point"
            cx="470"
            cy="30"
            r="5"
            style="stroke: rgb(107, 135, 154); fill: rgba(153, 193, 220, 0.7); opacity: 0.7;"
          />
        </g>
        <g
          class="g-markers"
        />
        <g
          class="g-droplines"
        />
        <g
          class="g-tooltip-overlay"
        />
        <g
          class="g-legend-overlay"
        />
      </svg>
    </header>
  </div>
</DocumentFragment>
`;
