// Jest Snapshot v1, https://goo.gl/fbAQLP

exports[`renders learn react link 1`] = `
<DocumentFragment>
  <div
    class="App"
  >
    <header
      class="App-header"
    >
      <img
        alt="logo"
        class="App-logo"
        src="logo.svg"
      />
      <p>
        Edit 
        <code>
          src/App.js
        </code>
         and save to reload.
      </p>
      <svg
        class="chart-svg"
        height="500"
        style="background-color: rgb(255, 255, 255);"
        width="500"
      >
        <g
          class="g-background"
        >
          <rect
            class="chart-it background"
            height="420"
            transform="translate(40, 40)"
            width="420"
          />
        </g>
        <g
          class="g-axis"
        >
          <g
            transform="translate(40, 0)"
          >
            <g
              class="g-gridlines left"
              fill="none"
              font-family="sans-serif"
              font-size="10"
              style="color: rgb(211, 211, 211); stroke-opacity: 0.8; stroke-width: 1;"
              text-anchor="end"
            >
              <path
                class="domain"
                stroke="currentColor"
              />
              <g
                class="tick"
                opacity="0.000001"
                transform="translate(0,460.5)"
              >
                <line
                  stroke="currentColor"
                  x2="420"
                />
                <text
                  dy="0.32em"
                  fill="currentColor"
                  x="-3"
                />
              </g>
              <g
                class="tick"
                opacity="0.000001"
                transform="translate(0,418.5)"
              >
                <line
                  stroke="currentColor"
                  x2="420"
                />
                <text
                  dy="0.32em"
                  fill="currentColor"
                  x="-3"
                />
              </g>
              <g
                class="tick"
                opacity="0.000001"
                transform="translate(0,376.5)"
              >
                <line
                  stroke="currentColor"
                  x2="420"
                />
                <text
                  dy="0.32em"
                  fill="currentColor"
                  x="-3"
                />
              </g>
              <g
                class="tick"
                opacity="0.000001"
                transform="translate(0,334.5)"
              >
                <line
                  stroke="currentColor"
                  x2="420"
                />
                <text
                  dy="0.32em"
                  fill="currentColor"
                  x="-3"
                />
              </g>
              <g
                class="tick"
                opacity="0.000001"
                transform="translate(0,292.5)"
              >
                <line
                  stroke="currentColor"
                  x2="420"
                />
                <text
                  dy="0.32em"
                  fill="currentColor"
                  x="-3"
                />
              </g>
              <g
                class="tick"
                opacity="0.000001"
                transform="translate(0,250.5)"
              >
                <line
                  stroke="currentColor"
                  x2="420"
                />
                <text
                  dy="0.32em"
                  fill="currentColor"
                  x="-3"
                />
              </g>
              <g
                class="tick"
                opacity="0.000001"
                transform="translate(0,208.5)"
              >
                <line
                  stroke="currentColor"
                  x2="420"
                />
                <text
                  dy="0.32em"
                  fill="currentColor"
                  x="-3"
                />
              </g>
              <g
                class="tick"
                opacity="0.000001"
                transform="translate(0,166.50000000000003)"
              >
                <line
                  stroke="currentColor"
                  x2="420"
                />
                <text
                  dy="0.32em"
                  fill="currentColor"
                  x="-3"
                />
              </g>
              <g
                class="tick"
                opacity="0.000001"
                transform="translate(0,124.49999999999999)"
              >
                <line
                  stroke="currentColor"
                  x2="420"
                />
                <text
                  dy="0.32em"
                  fill="currentColor"
                  x="-3"
                />
              </g>
              <g
                class="tick"
                opacity="0.000001"
                transform="translate(0,82.5)"
              >
                <line
                  stroke="currentColor"
                  x2="420"
                />
                <text
                  dy="0.32em"
                  fill="currentColor"
                  x="-3"
                />
              </g>
              <g
                class="tick"
                opacity="0.000001"
                transform="translate(0,40.5)"
              >
                <line
                  stroke="currentColor"
                  x2="420"
                />
                <text
                  dy="0.32em"
                  fill="currentColor"
                  x="-3"
                />
              </g>
            </g>
            <g
              class="chart-it axis axis-left"
              fill="none"
              font-family="sans-serif"
              font-size="10"
              style="color: rgb(51, 51, 51); stroke-opacity: 0.8; stroke-width: 1;"
              text-anchor="end"
            >
              <path
                class="domain"
                stroke="currentColor"
              />
              <g
                class="tick"
                opacity="0.000001"
                transform="translate(0,460.5)"
              >
                <line
                  stroke="currentColor"
                  x2="-6"
                />
                <text
                  dy="0.32em"
                  fill="currentColor"
                  x="-9"
                />
              </g>
              <g
                class="tick"
                opacity="0.000001"
                transform="translate(0,418.5)"
              >
                <line
                  stroke="currentColor"
                  x2="-6"
                />
                <text
                  dy="0.32em"
                  fill="currentColor"
                  x="-9"
                />
              </g>
              <g
                class="tick"
                opacity="0.000001"
                transform="translate(0,376.5)"
              >
                <line
                  stroke="currentColor"
                  x2="-6"
                />
                <text
                  dy="0.32em"
                  fill="currentColor"
                  x="-9"
                />
              </g>
              <g
                class="tick"
                opacity="0.000001"
                transform="translate(0,334.5)"
              >
                <line
                  stroke="currentColor"
                  x2="-6"
                />
                <text
                  dy="0.32em"
                  fill="currentColor"
                  x="-9"
                />
              </g>
              <g
                class="tick"
                opacity="0.000001"
                transform="translate(0,292.5)"
              >
                <line
                  stroke="currentColor"
                  x2="-6"
                />
                <text
                  dy="0.32em"
                  fill="currentColor"
                  x="-9"
                />
              </g>
              <g
                class="tick"
                opacity="0.000001"
                transform="translate(0,250.5)"
              >
                <line
                  stroke="currentColor"
                  x2="-6"
                />
                <text
                  dy="0.32em"
                  fill="currentColor"
                  x="-9"
                />
              </g>
              <g
                class="tick"
                opacity="0.000001"
                transform="translate(0,208.5)"
              >
                <line
                  stroke="currentColor"
                  x2="-6"
                />
                <text
                  dy="0.32em"
                  fill="currentColor"
                  x="-9"
                />
              </g>
              <g
                class="tick"
                opacity="0.000001"
                transform="translate(0,166.50000000000003)"
              >
                <line
                  stroke="currentColor"
                  x2="-6"
                />
                <text
                  dy="0.32em"
                  fill="currentColor"
                  x="-9"
                />
              </g>
              <g
                class="tick"
                opacity="0.000001"
                transform="translate(0,124.49999999999999)"
              >
                <line
                  stroke="currentColor"
                  x2="-6"
                />
                <text
                  dy="0.32em"
                  fill="currentColor"
                  x="-9"
                />
              </g>
              <g
                class="tick"
                opacity="0.000001"
                transform="translate(0,82.5)"
              >
                <line
                  stroke="currentColor"
                  x2="-6"
                />
                <text
                  dy="0.32em"
                  fill="currentColor"
                  x="-9"
                />
              </g>
              <g
                class="tick"
                opacity="0.000001"
                transform="translate(0,40.5)"
              >
                <line
                  stroke="currentColor"
                  x2="-6"
                />
                <text
                  dy="0.32em"
                  fill="currentColor"
                  x="-9"
                />
              </g>
            </g>
          </g>
        </g>
        <g
          class="g-axis"
        >
          <g
            transform="translate(0, 460)"
          >
            <g
              class="g-gridlines bottom"
              fill="none"
              font-family="sans-serif"
              font-size="10"
              style="color: rgb(211, 211, 211); stroke-opacity: 0.8; stroke-width: 1;"
              text-anchor="middle"
            >
              <path
                class="domain"
                stroke="currentColor"
              />
              <g
                class="tick"
                opacity="0.000001"
                transform="translate(40.5,0)"
              >
                <line
                  stroke="currentColor"
                  y2="-420"
                />
                <text
                  dy="0.71em"
                  fill="currentColor"
                  y="3"
                />
              </g>
              <g
                class="tick"
                opacity="0.000001"
                transform="translate(82.5,0)"
              >
                <line
                  stroke="currentColor"
                  y2="-420"
                />
                <text
                  dy="0.71em"
                  fill="currentColor"
                  y="3"
                />
              </g>
              <g
                class="tick"
                opacity="0.000001"
                transform="translate(124.5,0)"
              >
                <line
                  stroke="currentColor"
                  y2="-420"
                />
                <text
                  dy="0.71em"
                  fill="currentColor"
                  y="3"
                />
              </g>
              <g
                class="tick"
                opacity="0.000001"
                transform="translate(166.5,0)"
              >
                <line
                  stroke="currentColor"
                  y2="-420"
                />
                <text
                  dy="0.71em"
                  fill="currentColor"
                  y="3"
                />
              </g>
              <g
                class="tick"
                opacity="0.000001"
                transform="translate(208.5,0)"
              >
                <line
                  stroke="currentColor"
                  y2="-420"
                />
                <text
                  dy="0.71em"
                  fill="currentColor"
                  y="3"
                />
              </g>
              <g
                class="tick"
                opacity="0.000001"
                transform="translate(250.5,0)"
              >
                <line
                  stroke="currentColor"
                  y2="-420"
                />
                <text
                  dy="0.71em"
                  fill="currentColor"
                  y="3"
                />
              </g>
              <g
                class="tick"
                opacity="0.000001"
                transform="translate(292.5,0)"
              >
                <line
                  stroke="currentColor"
                  y2="-420"
                />
                <text
                  dy="0.71em"
                  fill="currentColor"
                  y="3"
                />
              </g>
              <g
                class="tick"
                opacity="0.000001"
                transform="translate(334.5,0)"
              >
                <line
                  stroke="currentColor"
                  y2="-420"
                />
                <text
                  dy="0.71em"
                  fill="currentColor"
                  y="3"
                />
              </g>
              <g
                class="tick"
                opacity="0.000001"
                transform="translate(376.5,0)"
              >
                <line
                  stroke="currentColor"
                  y2="-420"
                />
                <text
                  dy="0.71em"
                  fill="currentColor"
                  y="3"
                />
              </g>
              <g
                class="tick"
                opacity="0.000001"
                transform="translate(418.5,0)"
              >
                <line
                  stroke="currentColor"
                  y2="-420"
                />
                <text
                  dy="0.71em"
                  fill="currentColor"
                  y="3"
                />
              </g>
              <g
                class="tick"
                opacity="0.000001"
                transform="translate(460.5,0)"
              >
                <line
                  stroke="currentColor"
                  y2="-420"
                />
                <text
                  dy="0.71em"
                  fill="currentColor"
                  y="3"
                />
              </g>
            </g>
            <g
              class="chart-it axis axis-bottom"
              fill="none"
              font-family="sans-serif"
              font-size="10"
              style="color: rgb(51, 51, 51); stroke-opacity: 0.8; stroke-width: 1;"
              text-anchor="middle"
            >
              <path
                class="domain"
                stroke="currentColor"
              />
              <g
                class="tick"
                opacity="0.000001"
                transform="translate(40.5,0)"
              >
                <line
                  stroke="currentColor"
                  y2="6"
                />
                <text
                  dy="0.71em"
                  fill="currentColor"
                  y="9"
                />
              </g>
              <g
                class="tick"
                opacity="0.000001"
                transform="translate(82.5,0)"
              >
                <line
                  stroke="currentColor"
                  y2="6"
                />
                <text
                  dy="0.71em"
                  fill="currentColor"
                  y="9"
                />
              </g>
              <g
                class="tick"
                opacity="0.000001"
                transform="translate(124.5,0)"
              >
                <line
                  stroke="currentColor"
                  y2="6"
                />
                <text
                  dy="0.71em"
                  fill="currentColor"
                  y="9"
                />
              </g>
              <g
                class="tick"
                opacity="0.000001"
                transform="translate(166.5,0)"
              >
                <line
                  stroke="currentColor"
                  y2="6"
                />
                <text
                  dy="0.71em"
                  fill="currentColor"
                  y="9"
                />
              </g>
              <g
                class="tick"
                opacity="0.000001"
                transform="translate(208.5,0)"
              >
                <line
                  stroke="currentColor"
                  y2="6"
                />
                <text
                  dy="0.71em"
                  fill="currentColor"
                  y="9"
                />
              </g>
              <g
                class="tick"
                opacity="0.000001"
                transform="translate(250.5,0)"
              >
                <line
                  stroke="currentColor"
                  y2="6"
                />
                <text
                  dy="0.71em"
                  fill="currentColor"
                  y="9"
                />
              </g>
              <g
                class="tick"
                opacity="0.000001"
                transform="translate(292.5,0)"
              >
                <line
                  stroke="currentColor"
                  y2="6"
                />
                <text
                  dy="0.71em"
                  fill="currentColor"
                  y="9"
                />
              </g>
              <g
                class="tick"
                opacity="0.000001"
                transform="translate(334.5,0)"
              >
                <line
                  stroke="currentColor"
                  y2="6"
                />
                <text
                  dy="0.71em"
                  fill="currentColor"
                  y="9"
                />
              </g>
              <g
                class="tick"
                opacity="0.000001"
                transform="translate(376.5,0)"
              >
                <line
                  stroke="currentColor"
                  y2="6"
                />
                <text
                  dy="0.71em"
                  fill="currentColor"
                  y="9"
                />
              </g>
              <g
                class="tick"
                opacity="0.000001"
                transform="translate(418.5,0)"
              >
                <line
                  stroke="currentColor"
                  y2="6"
                />
                <text
                  dy="0.71em"
                  fill="currentColor"
                  y="9"
                />
              </g>
              <g
                class="tick"
                opacity="0.000001"
                transform="translate(460.5,0)"
              >
                <line
                  stroke="currentColor"
                  y2="6"
                />
                <text
                  dy="0.71em"
                  fill="currentColor"
                  y="9"
                />
              </g>
            </g>
          </g>
        </g>
        <g
          class="g-plot scatter"
        >
          <circle
            class="scatter-point"
            cx="250"
            cy="250"
            r="0"
            style="stroke: rgb(107, 135, 154); fill: rgba(153, 193, 220, 0.7); opacity: 0.7;"
          />
          <circle
            class="scatter-point"
            cx="460"
            cy="40"
            r="0"
            style="stroke: rgb(107, 135, 154); fill: rgba(153, 193, 220, 0.7); opacity: 0.7;"
          />
        </g>
        <g
          class="g-markers"
        />
        <g
          class="g-droplines"
        />
        <g
          class="g-tooltip-overlay"
        />
      </svg>
    </header>
  </div>
</DocumentFragment>
`;
